﻿
> vite_react_shadcn_ts@0.0.0 build
> vite build

[36mvite v5.4.19 [32mbuilding for production...[36m[39m
transforming...
node.exe : 
Browserslist: browsers 
data (caniuse-lite) is 
9 months old. Please 
run:
No linha:1 caractere:1
+ & "C:\Program 
Files\nodejs/node.exe" 
"C:\Program 
Files\nodejs/node_mo 
...
+ ~~~~~~~~~~~~~~~~~~~~~
~~~~~~~~~~~~~~~~~~~~~~~
~~~~~~~~~~~~~~~~~~~~~~~
~~
    + CategoryInfo     
         : NotSpecifi  
  ed: (Browserslist:   
  b...ld. Please ru    
n::String) [], Rem    
oteException
    + FullyQualifiedEr 
   rorId : NativeComm  
  andError
 
  npx update-browsersli
st-db@latest
  Why you should do it 
regularly: https://gith
ub.com/browserslist/upd
ate-db#readme
[32mÔ£ô[39m 9 modules transformed.
[31mx[39m Build 
failed in 1.89s
[31merror during 
build:
[31m[vite:esbuild] 
Transform failed with 
1 error:
C:/Projetos/Restaurante
s/menu-masters-main/src
/pages/Cashier.tsx:409:
6: ERROR: Unexpected 
closing "div" tag does 
not match opening 
fragment tag[31m
file: [36mC:/Projetos/
Restaurantes/menu-maste
rs-main/src/pages/Cashi
er.tsx:409:6[31m
[33m
[33mUnexpected 
closing "div" tag does 
not match opening 
fragment tag[33m
407|          />
408|        )}
409|      </div >
   |        ^
410|    );
411|  }
[31m
    at 
failureErrorWithLog (C:
\Projetos\Restaurantes\
menu-masters-main\node_
modules\esbuild\lib\mai
n.js:1472:15)
    at C:\Projetos\Rest
aurantes\menu-masters-m
ain\node_modules\esbuil
d\lib\main.js:755:50
    at responseCallback
s.<computed> (C:\Projet
os\Restaurantes\menu-ma
sters-main\node_modules
\esbuild\lib\main.js:62
2:9)
    at 
handleIncomingPacket (C
:\Projetos\Restaurantes
\menu-masters-main\node
_modules\esbuild\lib\ma
in.js:677:12)
    at 
Socket.readFromStdout (
C:\Projetos\Restaurante
s\menu-masters-main\nod
e_modules\esbuild\lib\m
ain.js:600:7)
    at Socket.emit 
(node:events:508:28)
    at addChunk (node:i
nternal/streams/readabl
e:559:12)
    at readableAddChunk
PushByteMode (node:inte
rnal/streams/readable:5
10:3)
    at Readable.push (n
ode:internal/streams/re
adable:390:5)
    at 
Pipe.onStreamRead (node
:internal/stream_base_c
ommons:189:23)[39m
